15:26:00 **** Incremental Build of configuration Debug for project tensil_ref_app ****
make all 
make --no-print-directory pre-build
a9-linaro-pre-build-step
 
make --no-print-directory main-build
Building file: ../src/main.c
Invoking: ARM v7 gcc compiler
arm-none-eabi-gcc -Wall -O0 -g3 -c -fmessage-length=0 -MT"src/main.o" -mcpu=cortex-a9 -mfpu=vfpv3 -mfloat-abi=hard -I/home/lbo/Projects/DVR-006-001/Zybo_base_system/software/firmware/zybo_hw_system/export/zybo_hw_system/sw/zybo_hw_system/standalone_domain/bspinclude/include -MMD -MP -MF"src/main.d" -MT"src/main.o" -o "src/main.o" "../src/main.c"
In file included from ../src/stopwatch.h:8,
                 from ../src/main.c:16:
/home/lbo/Projects/DVR-006-001/Zybo_base_system/software/firmware/zybo_hw_system/export/zybo_hw_system/sw/zybo_hw_system/standalone_domain/bspinclude/include/xtime_l.h:65:9: note: #pragma message: For the sleep routines, Global timer is being used
   65 | #pragma message ("For the sleep routines, Global timer is being used")
      |         ^~~~~~~
../src/main.c: In function 'test_resnet20v2_on_cifar':
../src/main.c:207:40: warning: format '%lu' expects argument of type 'long unsigned int', but argument 2 has type 'size_t' {aka 'unsigned int'} [-Wformat=]
  207 |         printf("ResNet20V2 on CIFAR: %lu images %.2f accuracy at %.2f fps\n",
      |                                      ~~^
      |                                        |
      |                                        long unsigned int
      |                                      %u
  208 |                total_count, (1.0 - (float)misclass_count / (float)total_count),
      |                ~~~~~~~~~~~              
      |                |
      |                size_t {aka unsigned int}
../src/main.c: In function 'main':
../src/main.c:219:2: warning: implicit declaration of function 'sleep' [-Wimplicit-function-declaration]
  219 |  sleep(5);
      |  ^~~~~
Finished building: ../src/main.c
 
Building target: tensil_ref_app.elf
Invoking: ARM v7 gcc linker
arm-none-eabi-gcc -mcpu=cortex-a9 -mfpu=vfpv3 -mfloat-abi=hard -Wl,-build-id=none -specs=Xilinx.spec -Wl,-T -Wl,../src/lscript.ld -L/home/lbo/Projects/DVR-006-001/Zybo_base_system/software/firmware/zybo_hw_system/export/zybo_hw_system/sw/zybo_hw_system/standalone_domain/bsplib/lib -o "tensil_ref_app.elf"  ./src/tensil/architecture.o ./src/tensil/cJSON.o ./src/tensil/config.o ./src/tensil/dram.o ./src/tensil/driver.o ./src/tensil/driver_tests.o ./src/tensil/error.o ./src/tensil/instruction.o ./src/tensil/instruction_buffer.o ./src/tensil/model.o ./src/tensil/sample_buffer.o ./src/tensil/tcu.o  ./src/console.o ./src/main.o ./src/stopwatch.o   -lm -Wl,--start-group,-lxil,-lgcc,-lc,--end-group -Wl,--start-group,-lxilffs,-lxil,-lgcc,-lc,--end-group
Finished building target: tensil_ref_app.elf
 
Invoking: ARM v7 Print Size
arm-none-eabi-size tensil_ref_app.elf  |tee "tensil_ref_app.elf.size"
   text	   data	    bss	    dec	    hex	filename
 238724	   2720	  26464	 267908	  41684	tensil_ref_app.elf
Finished building: tensil_ref_app.elf.size
 

15:26:00 Build Finished (took 378ms)

