17:56:51 **** Incremental Build of configuration Debug for project tensil_yolo_app ****
make all 
make --no-print-directory pre-build
a9-linaro-pre-build-step
 
make --no-print-directory main-build
Building file: ../src/main.cc
Invoking: ARM v7 g++ compiler
arm-none-eabi-g++ -Wall -O0 -g3 -I/home/lbo/Projects/DVR-006-001/Zybo_yolo_system/software/firmware/zybo_hw_system/export/zybo_hw_system/sw/zybo_hw_system/standalone_domain/bspinclude/include -I"/home/lbo/Projects/DVR-006-001/Zybo_yolo_system/software/firmware/tensil_yolo_app/tf_src" -I"/home/lbo/Projects/DVR-006-001/Zybo_yolo_system/software/firmware/tensil_yolo_app/tf_src/third_party/flatbuffers" -I"/home/lbo/Projects/DVR-006-001/Zybo_yolo_system/software/firmware/tensil_yolo_app/tf_src/third_party/kissfft" -I"/home/lbo/Projects/DVR-006-001/Zybo_yolo_system/software/firmware/tensil_yolo_app/tf_src/third_party/ruy" -I"/home/lbo/Projects/DVR-006-001/Zybo_yolo_system/software/firmware/tensil_yolo_app/tf_src/third_party/gemmlowp" -c -fmessage-length=0 -MT"src/main.o" -mcpu=cortex-a9 -mfpu=vfpv3 -mfloat-abi=hard -MMD -MP -MF"src/main.d" -MT"src/main.o" -o "src/main.o" "../src/main.cc"
In file included from ../src/main.cc:14:
/home/lbo/Projects/DVR-006-001/Zybo_yolo_system/software/firmware/zybo_hw_system/export/zybo_hw_system/sw/zybo_hw_system/standalone_domain/bspinclude/include/xtime_l.h:65:70: note: #pragma message: For the sleep routines, Global timer is being used
   65 | #pragma message ("For the sleep routines, Global timer is being used")
      |                                                                      ^
../src/main.cc: In function 'const tensil_error* tensil_execute(tensil_driver*, const tensil_model*, const char*, bool)':
../src/main.cc:259:45: warning: narrowing conversion of '((((double)(float)*(red + (sizetype)j)) / 2.55e+2) - ((double)red_mean))' from 'double' to 'float' [-Wnarrowing]
  259 |   float pixel[] = {CHANNEL_TO_FLOAT(red[j]) - red_mean,
      |                                             ^
../src/main.cc:260:35: warning: narrowing conversion of '((((double)(float)*(green + (sizetype)j)) / 2.55e+2) - ((double)green_mean))' from 'double' to 'float' [-Wnarrowing]
  260 |        CHANNEL_TO_FLOAT(green[j]) - green_mean,
      |                                   ^
../src/main.cc:261:34: warning: narrowing conversion of '((((double)(float)*(blue + (sizetype)j)) / 2.55e+2) - ((double)blue_mean))' from 'double' to 'float' [-Wnarrowing]
  261 |        CHANNEL_TO_FLOAT(blue[j]) - blue_mean};
      |                                  ^
../src/main.cc: In function 'int main()':
../src/main.cc:326:13: warning: variable 'res' set but not used [-Wunused-but-set-variable]
  326 |     FRESULT res;
      |             ^~~
../src/main.cc:330:17: warning: variable 'error' set but not used [-Wunused-but-set-variable]
  330 |  tensil_error_t error = TENSIL_ERROR_NONE;
      |                 ^~~~~
../src/main.cc: At global scope:
../src/main.cc:75:15: warning: 'size_t argmax(size_t, const float*)' defined but not used [-Wunused-function]
   75 | static size_t argmax(size_t size, const float *buffer) {
      |               ^~~~~~
../src/main.cc:24:9: warning: '{anonymous}::previous_time' defined but not used [-Wunused-variable]
   24 | int32_t previous_time = 0;
      |         ^~~~~~~~~~~~~
Finished building: ../src/main.cc
 
Building target: tensil_yolo_app.elf
Invoking: ARM v7 g++ linker
arm-none-eabi-g++ -mcpu=cortex-a9 -mfpu=vfpv3 -mfloat-abi=hard -Wl,-build-id=none -specs=Xilinx.spec -Wl,-T -Wl,../src/lscript.ld -L/home/lbo/Projects/DVR-006-001/Zybo_yolo_system/software/firmware/zybo_hw_system/export/zybo_hw_system/sw/zybo_hw_system/standalone_domain/bsplib/lib -o "tensil_yolo_app.elf"  ./tf_src/third_party/kissfft/tools/kiss_fftr.o  ./tf_src/third_party/kissfft/kiss_fft.o  ./tf_src/tensorflow/lite/schema/schema_utils.o  ./tf_src/tensorflow/lite/micro/models/person_detect_model_data.o  ./tf_src/tensorflow/lite/micro/memory_planner/greedy_memory_planner.o ./tf_src/tensorflow/lite/micro/memory_planner/linear_memory_planner.o ./tf_src/tensorflow/lite/micro/memory_planner/non_persistent_buffer_planner_shim.o  ./tf_src/tensorflow/lite/micro/kernels/activations.o ./tf_src/tensorflow/lite/micro/kernels/activations_common.o ./tf_src/tensorflow/lite/micro/kernels/add.o ./tf_src/tensorflow/lite/micro/kernels/add_common.o ./tf_src/tensorflow/lite/micro/kernels/add_n.o ./tf_src/tensorflow/lite/micro/kernels/arg_min_max.o ./tf_src/tensorflow/lite/micro/kernels/assign_variable.o ./tf_src/tensorflow/lite/micro/kernels/batch_to_space_nd.o ./tf_src/tensorflow/lite/micro/kernels/broadcast_args.o ./tf_src/tensorflow/lite/micro/kernels/broadcast_to.o ./tf_src/tensorflow/lite/micro/kernels/call_once.o ./tf_src/tensorflow/lite/micro/kernels/cast.o ./tf_src/tensorflow/lite/micro/kernels/ceil.o ./tf_src/tensorflow/lite/micro/kernels/circular_buffer.o ./tf_src/tensorflow/lite/micro/kernels/circular_buffer_common.o ./tf_src/tensorflow/lite/micro/kernels/comparisons.o ./tf_src/tensorflow/lite/micro/kernels/concatenation.o ./tf_src/tensorflow/lite/micro/kernels/conv.o ./tf_src/tensorflow/lite/micro/kernels/conv_common.o ./tf_src/tensorflow/lite/micro/kernels/cumsum.o ./tf_src/tensorflow/lite/micro/kernels/depth_to_space.o ./tf_src/tensorflow/lite/micro/kernels/depthwise_conv.o ./tf_src/tensorflow/lite/micro/kernels/depthwise_conv_common.o ./tf_src/tensorflow/lite/micro/kernels/dequantize.o ./tf_src/tensorflow/lite/micro/kernels/dequantize_common.o ./tf_src/tensorflow/lite/micro/kernels/detection_postprocess.o ./tf_src/tensorflow/lite/micro/kernels/elementwise.o ./tf_src/tensorflow/lite/micro/kernels/elu.o ./tf_src/tensorflow/lite/micro/kernels/ethosu.o ./tf_src/tensorflow/lite/micro/kernels/exp.o ./tf_src/tensorflow/lite/micro/kernels/expand_dims.o ./tf_src/tensorflow/lite/micro/kernels/fill.o ./tf_src/tensorflow/lite/micro/kernels/floor.o ./tf_src/tensorflow/lite/micro/kernels/floor_div.o ./tf_src/tensorflow/lite/micro/kernels/floor_mod.o ./tf_src/tensorflow/lite/micro/kernels/fully_connected.o ./tf_src/tensorflow/lite/micro/kernels/fully_connected_common.o ./tf_src/tensorflow/lite/micro/kernels/gather.o ./tf_src/tensorflow/lite/micro/kernels/gather_nd.o ./tf_src/tensorflow/lite/micro/kernels/hard_swish.o ./tf_src/tensorflow/lite/micro/kernels/hard_swish_common.o ./tf_src/tensorflow/lite/micro/kernels/if.o ./tf_src/tensorflow/lite/micro/kernels/kernel_runner.o ./tf_src/tensorflow/lite/micro/kernels/kernel_util.o ./tf_src/tensorflow/lite/micro/kernels/l2_pool_2d.o ./tf_src/tensorflow/lite/micro/kernels/l2norm.o ./tf_src/tensorflow/lite/micro/kernels/leaky_relu.o ./tf_src/tensorflow/lite/micro/kernels/leaky_relu_common.o ./tf_src/tensorflow/lite/micro/kernels/log_softmax.o ./tf_src/tensorflow/lite/micro/kernels/logical.o ./tf_src/tensorflow/lite/micro/kernels/logical_common.o ./tf_src/tensorflow/lite/micro/kernels/logistic.o ./tf_src/tensorflow/lite/micro/kernels/logistic_common.o ./tf_src/tensorflow/lite/micro/kernels/lstm_eval.o ./tf_src/tensorflow/lite/micro/kernels/maximum_minimum.o ./tf_src/tensorflow/lite/micro/kernels/micro_tensor_utils.o ./tf_src/tensorflow/lite/micro/kernels/mirror_pad.o ./tf_src/tensorflow/lite/micro/kernels/mul.o ./tf_src/tensorflow/lite/micro/kernels/mul_common.o ./tf_src/tensorflow/lite/micro/kernels/neg.o ./tf_src/tensorflow/lite/micro/kernels/pack.o ./tf_src/tensorflow/lite/micro/kernels/pad.o ./tf_src/tensorflow/lite/micro/kernels/pooling.o ./tf_src/tensorflow/lite/micro/kernels/pooling_common.o ./tf_src/tensorflow/lite/micro/kernels/prelu.o ./tf_src/tensorflow/lite/micro/kernels/prelu_common.o ./tf_src/tensorflow/lite/micro/kernels/quantize.o ./tf_src/tensorflow/lite/micro/kernels/quantize_common.o ./tf_src/tensorflow/lite/micro/kernels/read_variable.o ./tf_src/tensorflow/lite/micro/kernels/reduce.o ./tf_src/tensorflow/lite/micro/kernels/reduce_common.o ./tf_src/tensorflow/lite/micro/kernels/reshape.o ./tf_src/tensorflow/lite/micro/kernels/resize_bilinear.o ./tf_src/tensorflow/lite/micro/kernels/resize_nearest_neighbor.o ./tf_src/tensorflow/lite/micro/kernels/round.o ./tf_src/tensorflow/lite/micro/kernels/shape.o ./tf_src/tensorflow/lite/micro/kernels/slice.o ./tf_src/tensorflow/lite/micro/kernels/softmax.o ./tf_src/tensorflow/lite/micro/kernels/softmax_common.o ./tf_src/tensorflow/lite/micro/kernels/space_to_batch_nd.o ./tf_src/tensorflow/lite/micro/kernels/space_to_depth.o ./tf_src/tensorflow/lite/micro/kernels/split.o ./tf_src/tensorflow/lite/micro/kernels/split_v.o ./tf_src/tensorflow/lite/micro/kernels/squared_difference.o ./tf_src/tensorflow/lite/micro/kernels/squeeze.o ./tf_src/tensorflow/lite/micro/kernels/strided_slice.o ./tf_src/tensorflow/lite/micro/kernels/sub.o ./tf_src/tensorflow/lite/micro/kernels/sub_common.o ./tf_src/tensorflow/lite/micro/kernels/svdf.o ./tf_src/tensorflow/lite/micro/kernels/svdf_common.o ./tf_src/tensorflow/lite/micro/kernels/tanh.o ./tf_src/tensorflow/lite/micro/kernels/transpose.o ./tf_src/tensorflow/lite/micro/kernels/transpose_conv.o ./tf_src/tensorflow/lite/micro/kernels/unidirectional_sequence_lstm.o ./tf_src/tensorflow/lite/micro/kernels/unpack.o ./tf_src/tensorflow/lite/micro/kernels/var_handle.o ./tf_src/tensorflow/lite/micro/kernels/while.o ./tf_src/tensorflow/lite/micro/kernels/zeros_like.o  ./tf_src/tensorflow/lite/micro/arena_allocator/non_persistent_arena_buffer_allocator.o ./tf_src/tensorflow/lite/micro/arena_allocator/recording_simple_memory_allocator.o ./tf_src/tensorflow/lite/micro/arena_allocator/simple_memory_allocator.o  ./tf_src/tensorflow/lite/micro/all_ops_resolver.o ./tf_src/tensorflow/lite/micro/debug_log.o ./tf_src/tensorflow/lite/micro/fake_micro_context.o ./tf_src/tensorflow/lite/micro/flatbuffer_utils.o ./tf_src/tensorflow/lite/micro/memory_helpers.o ./tf_src/tensorflow/lite/micro/micro_allocation_info.o ./tf_src/tensorflow/lite/micro/micro_allocator.o ./tf_src/tensorflow/lite/micro/micro_context.o ./tf_src/tensorflow/lite/micro/micro_error_reporter.o ./tf_src/tensorflow/lite/micro/micro_graph.o ./tf_src/tensorflow/lite/micro/micro_interpreter.o ./tf_src/tensorflow/lite/micro/micro_profiler.o ./tf_src/tensorflow/lite/micro/micro_resource_variable.o ./tf_src/tensorflow/lite/micro/micro_string.o ./tf_src/tensorflow/lite/micro/micro_time.o ./tf_src/tensorflow/lite/micro/micro_utils.o ./tf_src/tensorflow/lite/micro/mock_micro_graph.o ./tf_src/tensorflow/lite/micro/recording_micro_allocator.o ./tf_src/tensorflow/lite/micro/system_setup.o ./tf_src/tensorflow/lite/micro/test_helper_custom_ops.o ./tf_src/tensorflow/lite/micro/test_helpers.o  ./tf_src/tensorflow/lite/kernels/internal/reference/portable_tensor_utils.o  ./tf_src/tensorflow/lite/kernels/internal/quantization_util.o  ./tf_src/tensorflow/lite/kernels/kernel_util.o  ./tf_src/tensorflow/lite/experimental/microfrontend/lib/fft.o ./tf_src/tensorflow/lite/experimental/microfrontend/lib/fft_util.o ./tf_src/tensorflow/lite/experimental/microfrontend/lib/filterbank.o ./tf_src/tensorflow/lite/experimental/microfrontend/lib/filterbank_util.o ./tf_src/tensorflow/lite/experimental/microfrontend/lib/frontend.o ./tf_src/tensorflow/lite/experimental/microfrontend/lib/frontend_util.o ./tf_src/tensorflow/lite/experimental/microfrontend/lib/kiss_fft_int16.o ./tf_src/tensorflow/lite/experimental/microfrontend/lib/log_lut.o ./tf_src/tensorflow/lite/experimental/microfrontend/lib/log_scale.o ./tf_src/tensorflow/lite/experimental/microfrontend/lib/log_scale_util.o ./tf_src/tensorflow/lite/experimental/microfrontend/lib/noise_reduction.o ./tf_src/tensorflow/lite/experimental/microfrontend/lib/noise_reduction_util.o ./tf_src/tensorflow/lite/experimental/microfrontend/lib/pcan_gain_control.o ./tf_src/tensorflow/lite/experimental/microfrontend/lib/pcan_gain_control_util.o ./tf_src/tensorflow/lite/experimental/microfrontend/lib/window.o ./tf_src/tensorflow/lite/experimental/microfrontend/lib/window_util.o  ./tf_src/tensorflow/lite/core/api/error_reporter.o ./tf_src/tensorflow/lite/core/api/flatbuffer_conversions.o ./tf_src/tensorflow/lite/core/api/op_resolver.o ./tf_src/tensorflow/lite/core/api/tensor_utils.o  ./tf_src/tensorflow/lite/c/common.o  ./src/tensil/architecture.o ./src/tensil/cJSON.o ./src/tensil/config.o ./src/tensil/dram.o ./src/tensil/driver.o ./src/tensil/driver_tests.o ./src/tensil/error.o ./src/tensil/instruction.o ./src/tensil/instruction_buffer.o ./src/tensil/model.o ./src/tensil/sample_buffer.o ./src/tensil/tcu.o  ./src/console.o ./src/main.o ./src/stopwatch.o ./src/yolov4_tiny_192_post_mcu.o   -lm -Wl,--start-group,-lxil,-lgcc,-lc,-lstdc++,--end-group -Wl,--start-group,-lxilffs,-lxil,-lgcc,-lc,--end-group
Finished building target: tensil_yolo_app.elf
 
Invoking: ARM v7 Print Size
arm-none-eabi-size tensil_yolo_app.elf  |tee "tensil_yolo_app.elf.size"
   text	   data	    bss	    dec	    hex	filename
1684530	   3180	59810736	61498446	3aa644e	tensil_yolo_app.elf
Finished building: tensil_yolo_app.elf.size
 

17:56:53 Build Finished (took 2s.767ms)

